<html>
<body>
<pre>
<h1>µVision Build Log</h1>
<h2>Tool Versions:</h2>
IDE-Version: ¦ÌVision V5.24.2.0
Copyright (C) 2017 ARM Ltd and ARM Germany GmbH. All rights reserved.
License Information: Chuanjia Liu, NCHU, LIC=TIVEV-PFF9Q-J67Q9-4Z3HF-RF783-SMIM3
 
Tool Versions:
Toolchain:       MDK-ARM Plus  Version: 5.24.1
Toolchain Path:  C:\Keil_v5\ARM\ARMCC\Bin
C Compiler:      Armcc.exe V5.06 update 5 (build 528)
Assembler:       Armasm.exe V5.06 update 5 (build 528)
Linker/Locator:  ArmLink.exe V5.06 update 5 (build 528)
Library Manager: ArmAr.exe V5.06 update 5 (build 528)
Hex Converter:   FromElf.exe V5.06 update 5 (build 528)
CPU DLL:         SARMCM3.DLL V5.24.1
Dialog DLL:      DCM.DLL V1.16.0.0
Target DLL:      STLink\ST-LINKIII-KEIL_SWO.dll V3.0.1.0
Dialog DLL:      TCM.DLL V1.32.0.0
 
<h2>Project:</h2>
C:\Users\Chuanjia\Desktop\Upper-Computer\STM32WorkSpace\F4\NUCLEO-F401RE\Heasder_End_Usart\MDK-ARM\Coordination.uvprojx
Project File Date:  04/12/2018

<h2>Output:</h2>
*** Using Compiler 'V5.06 update 5 (build 528)', folder: 'C:\Keil_v5\ARM\ARMCC\Bin'
Rebuild target 'Coordination'
compiling stm32f4xx_hal_gpio.c...
compiling stm32f4xx_hal_dma.c...
compiling stm32f4xx_hal_flash.c...
compiling stm32f4xx_hal.c...
compiling stm32f4xx_hal_flash_ex.c...
compiling stm32f4xx_hal_cortex.c...
compiling stm32f4xx_hal_tim_ex.c...
compiling stm32f4xx_hal_pwr.c...
compiling stm32f4xx_hal_dma_ex.c...
compiling stm32f4xx_hal_tim.c...
compiling stm32f4xx_hal_pwr_ex.c...
compiling stm32f4xx_hal_rcc.c...
compiling stm32f4xx_hal_flash_ramfunc.c...
compiling stm32f4xx_hal_rcc_ex.c...
assembling startup_stm32f401xe.s...
compiling stm32f4xx_hal_uart.c...
compiling system_stm32f4xx.c...
compiling main.c...
compiling stm32f4xx_it.c...
compiling retarget_usart.c...
compiling stm32f4xx_hal_msp.c...
compiling sys.c...
compiling Serial.c...
compiling cmd_control.c...
compiling str_hex.c...
compiling arc4.c...
compiling receive_handle.c...
compiling Buttons_NUCLEO_F401RE.c...
compiling LED_NUCLEO_F401RE.c...
linking...
Program Size: Code=4644 RO-data=460 RW-data=28 ZI-data=1740  
"Coordination\Coordination.axf" - 0 Error(s), 0 Warning(s).

<h2>Software Packages used:</h2>

Package Vendor: ARM
                http://www.keil.com/pack/ARM.CMSIS.5.0.1.pack
                ARM.CMSIS.5.0.1
                CMSIS (Cortex Microcontroller Software Interface Standard)
   * Component: CORE Version: 5.0.1

Package Vendor: Keil
                http://www.keil.com/pack/Keil.MDK-Middleware.7.4.1.pack
                Keil.MDK-Middleware.7.4.1
                Middleware for Keil MDK-Professional and MDK-Plus
   * Component: LED Version: 1.0.0
   * Component: Buttons Version: 1.0.0

Package Vendor: Keil
                http://www.keil.com/pack/Keil.STM32F4xx_DFP.2.13.0.pack
                Keil.STM32F4xx_DFP.2.13.0
                STMicroelectronics STM32F4 Series Device Support, Drivers and Examples

Package Vendor: Keil
                http://www.keil.com/pack/Keil.STM32NUCLEO_BSP.1.6.0.pack
                Keil.STM32NUCLEO_BSP.1.6.0
                STMicroelectronics Nucleo Boards Support and Examples
   * Component: LED Version: 1.1.0
   * Component: Buttons Version: 1.1.0

<h2>Collection of Component include folders:</h2>
  .\RTE\_Coordination
  C:\Keil_v5\ARM\PACK\ARM\CMSIS\5.0.1\CMSIS\Include
  C:\Keil_v5\ARM\PACK\Keil\MDK-Middleware\7.4.1\Board
  C:\Keil_v5\ARM\PACK\Keil\STM32F4xx_DFP\2.13.0\Drivers\CMSIS\Device\ST\STM32F4xx\Include

<h2>Collection of Component Files used:</h2>

   * Component: Keil.NUCLEO-F401RE::Board Support:LED:1.1.0
      Source file:   Boards\ST\NUCLEO-F401RE\Common\LED_NUCLEO_F401RE.c

   * Component: Keil.NUCLEO-F401RE::Board Support:Buttons:1.1.0
      Source file:   Boards\ST\NUCLEO-F401RE\Common\Buttons_NUCLEO_F401RE.c

   * Component: ARM::CMSIS:CORE:5.0.1

   * Component: ::Board Support:LED:1.0.0 (API)
      Include file:  Board\Board_LED.h

   * Component: ::Board Support:Buttons:1.0.0 (API)
      Include file:  Board\Board_Buttons.h
Build Time Elapsed:  00:00:24
</pre>
</body>
</html>
