<html>
<body>
<pre>
<h1>µVision Build Log</h1>
<h2>Tool Versions:</h2>
IDE-Version: ¦ÌVision V5.21.1.0
Copyright (C) 2016 ARM Ltd and ARM Germany GmbH. All rights reserved.
License Information: Twsa Liu, None, LIC=6XJII-T6VE8-EYSVT-RXU6T-U3XTC-VUMJY
 
Tool Versions:
Toolchain:       MDK-ARM Professional  Version: 5.21a
Toolchain Path:  C:\Keil_v5\ARM\ARMCC\Bin
C Compiler:      Armcc.exe V5.06 update 3 (build 300)
Assembler:       Armasm.exe V5.06 update 3 (build 300)
Linker/Locator:  ArmLink.exe V5.06 update 3 (build 300)
Library Manager: ArmAr.exe V5.06 update 3 (build 300)
Hex Converter:   FromElf.exe V5.06 update 3 (build 300)
CPU DLL:         SARMCM3.DLL V5.21a
Dialog DLL:      DARMCM1.DLL V1.14.0.0
Target DLL:      STLink\ST-LINKIII-KEIL_SWO.dll V2.0.18.0
Dialog DLL:      TARMCM1.DLL V1.10.0.0
 
<h2>Project:</h2>
D:\GitHub\STM32WorkSpace\F0\STM32F03K6T6\ThinkGate\MDK-ARM\ThinkGate.uvprojx
Project File Date:  07/27/2017

<h2>Output:</h2>
*** Using Compiler 'V5.06 update 3 (build 300)', folder: 'C:\Keil_v5\ARM\ARMCC\Bin'
Rebuild target 'ThinkGate'
assembling startup_stm32f030x6.s...
compiling retarget_usart.c...
compiling stm32f0xx_it.c...
compiling main.c...
compiling stm32f0xx_hal_msp.c...
compiling sys.c...
compiling view_clock_config.c...
compiling Serial.c...
compiling verfint.c...
compiling flash_program.c...
compiling think_gate.c...
..\User\think_gate.c(466): warning:  #177-D: variable "textPlain" was declared but never referenced
  	  uint8_t textPlain[]="abcsefgh";
..\User\think_gate.c(154): warning:  #177-D: function "MyCopy" was declared but never referenced
  static uint8_t MyCopy(uint8_t *destAddress,uint8_t *sourceAddress,uint32_t length)
..\User\think_gate.c: 2 warnings, 0 errors
compiling arc4.c...
compiling str_hex.c...
compiling usart_transmit.c...
..\User\usart_transmit.c(117): warning:  #550-D: variable "Connected" was set but never used
  	uint8_t Connected=0;
..\User\usart_transmit.c(140): warning:  #177-D: function "receiveEnd" was declared but never referenced
  static uint8_t receiveEnd(void)
..\User\usart_transmit.c: 2 warnings, 0 errors
compiling stm32f0xx_hal_flash_ex.c...
compiling stm32f0xx_hal_pwr_ex.c...
compiling stm32f0xx_hal_tim.c...
compiling stm32f0xx_hal_i2c_ex.c...
compiling stm32f0xx_hal_dma.c...
compiling stm32f0xx_hal_rcc.c...
compiling stm32f0xx_hal_i2c.c...
compiling stm32f0xx_hal_rcc_ex.c...
compiling stm32f0xx_hal_flash.c...
compiling stm32f0xx_hal_cortex.c...
compiling stm32f0xx_hal_pwr.c...
compiling stm32f0xx_hal_gpio.c...
compiling stm32f0xx_hal.c...
compiling stm32f0xx_hal_tim_ex.c...
compiling stm32f0xx_hal_uart_ex.c...
compiling stm32f0xx_hal_uart.c...
compiling stm32f0xx_hal_adc_ex.c...
compiling system_stm32f0xx.c...
compiling stm32f0xx_hal_adc.c...
linking...
Program Size: Code=7800 RO-data=368 RW-data=56 ZI-data=1856  
"ThinkGate\ThinkGate.axf" - 0 Error(s), 4 Warning(s).

<h2>Software Packages used:</h2>

Package Vendor: ARM
                http://www.keil.com/pack/ARM.CMSIS.4.5.0.pack
                ARM::CMSIS:CORE:4.3.0
                CMSIS (Cortex Microcontroller Software Interface Standard)
   * Component: CORE Version: 4.3.0

<h2>Collection of Component include folders:</h2>
  D:\GitHub\STM32WorkSpace\F0\STM32F03K6T6\ThinkGate\MDK-ARM\RTE
  C:\Keil_v5\ARM\PACK\ARM\CMSIS\4.5.0\CMSIS\Include
  C:\Keil_v5\ARM\PACK\Keil\STM32F0xx_DFP\Device\Include

<h2>Collection of Component Files used:</h2>

   * Component: ARM::CMSIS:CORE:4.3.0
Build Time Elapsed:  00:00:16
</pre>
</body>
</html>
