<html>
<body>
<pre>
<h1>µVision Build Log</h1>
<h2>Tool Versions:</h2>
IDE-Version: ¦ÌVision V5.21.1.0
Copyright (C) 2016 ARM Ltd and ARM Germany GmbH. All rights reserved.
License Information: Twsa Liu, None, LIC=6XJII-T6VE8-EYSVT-RXU6T-U3XTC-VUMJY
 
Tool Versions:
Toolchain:       MDK-ARM Professional  Version: 5.21a
Toolchain Path:  C:\Keil_v5\ARM\ARMCC\Bin
C Compiler:      Armcc.exe V5.06 update 3 (build 300)
Assembler:       Armasm.exe V5.06 update 3 (build 300)
Linker/Locator:  ArmLink.exe V5.06 update 3 (build 300)
Library Manager: ArmAr.exe V5.06 update 3 (build 300)
Hex Converter:   FromElf.exe V5.06 update 3 (build 300)
CPU DLL:         SARMCM3.DLL V5.21a
Dialog DLL:      DARMCM1.DLL V1.14.0.0
Target DLL:      STLink\ST-LINKIII-KEIL_SWO.dll V2.0.18.0
Dialog DLL:      TARMCM1.DLL V1.10.0.0
 
<h2>Project:</h2>
D:\Stm32WordSpace\F0\STM32F03K6T6\Flash2EEPROM\MDK-ARM\Flash2EEPROM.uvprojx
Project File Date:  07/24/2017

<h2>Output:</h2>
*** Using Compiler 'V5.06 update 3 (build 300)', folder: 'C:\Keil_v5\ARM\ARMCC\Bin'
Rebuild target 'Flash2EEPROM'
compiling stm32f0xx_hal.c...
compiling stm32f0xx_hal_flash.c...
compiling stm32f0xx_hal_dma.c...
compiling stm32f0xx_hal_pwr.c...
compiling stm32f0xx_hal_uart.c...
compiling stm32f0xx_hal_tim.c...
compiling stm32f0xx_hal_i2c.c...
compiling stm32f0xx_hal_flash_ex.c...
compiling stm32f0xx_hal_uart_ex.c...
compiling stm32f0xx_hal_pwr_ex.c...
compiling stm32f0xx_hal_cortex.c...
compiling stm32f0xx_hal_i2c_ex.c...
compiling stm32f0xx_hal_gpio.c...
compiling stm32f0xx_hal_tim_ex.c...
assembling startup_stm32f030x6.s...
compiling stm32f0xx_hal_rcc_ex.c...
compiling stm32f0xx_hal_rcc.c...
compiling system_stm32f0xx.c...
compiling main.c...
compiling retarget_usart.c...
compiling stm32f0xx_it.c...
compiling stm32f0xx_hal_msp.c...
compiling Serial.c...
compiling sys.c...
compiling flash_program.c...
compiling view_clock_config.c...
linking...
Program Size: Code=4740 RO-data=232 RW-data=24 ZI-data=1136  
"Flash2EEPROM\Flash2EEPROM.axf" - 0 Error(s), 0 Warning(s).

<h2>Software Packages used:</h2>

Package Vendor: ARM
                http://www.keil.com/pack/ARM.CMSIS.4.5.0.pack
                ARM::CMSIS:CORE:4.3.0
                CMSIS (Cortex Microcontroller Software Interface Standard)
   * Component: CORE Version: 4.3.0

<h2>Collection of Component include folders:</h2>
  D:\Stm32WordSpace\F0\STM32F03K6T6\Flash2EEPROM\MDK-ARM\RTE
  C:\Keil_v5\ARM\PACK\ARM\CMSIS\4.5.0\CMSIS\Include
  C:\Keil_v5\ARM\PACK\Keil\STM32F0xx_DFP\Device\Include

<h2>Collection of Component Files used:</h2>

   * Component: ARM::CMSIS:CORE:4.3.0
Build Time Elapsed:  00:00:11
</pre>
</body>
</html>
